/home/hadleigh/miniconda3/envs/stegaphone/lib/python3.10/site-packages/torch/cuda/__init__.py:63: FutureWarning: The pynvml package is deprecated. Please install nvidia-ml-py instead. If you did not install pynvml directly, please report this to the maintainers of the package that installed pynvml for you.
  import pynvml  # type: ignore[import]
Traceback (most recent call last):
  File "/home/hadleigh/acoustic_embedding/echo/omnisealbench/data_gen_dec.py", line 15, in <module>
    from omnisealbench.configs import *
  File "/home/hadleigh/acoustic_embedding/echo/omnisealbench/omnisealbench/__init__.py", line 13, in <module>
    from . import attacks, data, models
  File "/home/hadleigh/acoustic_embedding/echo/omnisealbench/omnisealbench/attacks/__init__.py", line 13, in <module>
    from .image_effects import *
  File "/home/hadleigh/acoustic_embedding/echo/omnisealbench/omnisealbench/attacks/image_effects.py", line 13, in <module>
    import torchvision.transforms.functional as F_vision
  File "/home/hadleigh/miniconda3/envs/stegaphone/lib/python3.10/site-packages/torchvision/__init__.py", line 10, in <module>
    from torchvision import _meta_registrations, datasets, io, models, ops, transforms, utils  # usort:skip
  File "/home/hadleigh/miniconda3/envs/stegaphone/lib/python3.10/site-packages/torchvision/models/__init__.py", line 2, in <module>
    from .convnext import *
  File "/home/hadleigh/miniconda3/envs/stegaphone/lib/python3.10/site-packages/torchvision/models/convnext.py", line 9, in <module>
    from ..ops.misc import Conv2dNormActivation, Permute
  File "/home/hadleigh/miniconda3/envs/stegaphone/lib/python3.10/site-packages/torchvision/ops/__init__.py", line 23, in <module>
    from .poolers import MultiScaleRoIAlign
  File "/home/hadleigh/miniconda3/envs/stegaphone/lib/python3.10/site-packages/torchvision/ops/poolers.py", line 10, in <module>
    from .roi_align import roi_align
  File "/home/hadleigh/miniconda3/envs/stegaphone/lib/python3.10/site-packages/torchvision/ops/roi_align.py", line 7, in <module>
    from torch._dynamo.utils import is_compile_supported
  File "/home/hadleigh/miniconda3/envs/stegaphone/lib/python3.10/site-packages/torch/_dynamo/__init__.py", line 13, in <module>
    from . import (
  File "/home/hadleigh/miniconda3/envs/stegaphone/lib/python3.10/site-packages/torch/_dynamo/aot_compile.py", line 15, in <module>
    from . import convert_frame
  File "/home/hadleigh/miniconda3/envs/stegaphone/lib/python3.10/site-packages/torch/_dynamo/convert_frame.py", line 57, in <module>
    from torch._dynamo.symbolic_convert import TensorifyState
  File "/home/hadleigh/miniconda3/envs/stegaphone/lib/python3.10/site-packages/torch/_dynamo/symbolic_convert.py", line 53, in <module>
    from torch._dynamo.exc import ObservedException, TensorifyScalarRestartAnalysis
  File "/home/hadleigh/miniconda3/envs/stegaphone/lib/python3.10/site-packages/torch/_dynamo/exc.py", line 45, in <module>
    from .utils import counters
  File "/home/hadleigh/miniconda3/envs/stegaphone/lib/python3.10/site-packages/torch/_dynamo/utils.py", line 67, in <module>
    import torch.fx.experimental.symbolic_shapes
  File "/home/hadleigh/miniconda3/envs/stegaphone/lib/python3.10/site-packages/torch/fx/experimental/symbolic_shapes.py", line 3, in <module>
    import sympy
  File "/home/hadleigh/miniconda3/envs/stegaphone/lib/python3.10/site-packages/sympy/__init__.py", line 163, in <module>
    from .simplify import (simplify, hypersimp, hypersimilar, logcombine,
  File "/home/hadleigh/miniconda3/envs/stegaphone/lib/python3.10/site-packages/sympy/simplify/__init__.py", line 7, in <module>
    from .simplify import (simplify, hypersimp, hypersimilar,
  File "/home/hadleigh/miniconda3/envs/stegaphone/lib/python3.10/site-packages/sympy/simplify/simplify.py", line 47, in <module>
    from sympy.simplify.trigsimp import trigsimp, exptrigsimp
  File "<frozen importlib._bootstrap>", line 1027, in _find_and_load
  File "<frozen importlib._bootstrap>", line 1006, in _find_and_load_unlocked
  File "<frozen importlib._bootstrap>", line 688, in _load_unlocked
  File "<frozen importlib._bootstrap_external>", line 879, in exec_module
  File "<frozen importlib._bootstrap_external>", line 975, in get_code
  File "<frozen importlib._bootstrap_external>", line 1074, in get_data
KeyboardInterrupt
